[0m|CL[1;30mДДДДДДДДДДДДДДДДДДДДДДДДДДДДДДД [37mScrollback Buffer [30mДДДДДДДДДДДДДДДДДДДДДДДДДДДДД-[0m|!1



















|!2
[1;30mДДДДДДДДДДДДДДДДДДДДДДДДДДДДДДДДДДДДДДДДДДДДДДДДДДДДДДДДДДДДДДДДДДДДДДДДДДДДДДД
   [30mMove ([37mUp[30m/[37mDown[30m)     Page Up ([37mCtrl-R[30m)     Page Down ([37mCtrl-C[30m)     [37mESC[30m to QUIT|[Y01|[X01
